<!DOCTYPE html>
<html>
  <head>
  <meta charset="utf-8" />
  <meta name="viewport" content="width=device-width, initial-scale=1.0" />

  <title>Nexmo Developer</title>




    <script type="text/javascript">
      !function(){var analytics=window.analytics=window.analytics||[];if(!analytics.initialize)if(analytics.invoked)window.console&&console.error&&console.error("Segment snippet included twice.");else{analytics.invoked=!0;analytics.methods=["trackSubmit","trackClick","trackLink","trackForm","pageview","identify","reset","group","track","ready","alias","debug","page","once","off","on"];analytics.factory=function(t){return function(){var e=Array.prototype.slice.call(arguments);e.unshift(t);analytics.push(e);return analytics}};for(var t=0;t<analytics.methods.length;t++){var e=analytics.methods[t];analytics[e]=analytics.factory(e)}analytics.load=function(t){var e=document.createElement("script");e.type="text/javascript";e.async=!0;e.src=("https:"===document.location.protocol?"https://":"http://")+"cdn.segment.com/analytics.js/v1/"+t+"/analytics.min.js";var n=document.getElementsByTagName("script")[0];n.parentNode.insertBefore(e,n)};analytics.SNIPPET_VERSION="4.0.0";
      analytics.load("abc123");
      analytics.page();
      }}();
    </script>




  <link rel="stylesheet" media="all" href="/assets/application-46768d12c9e58a87299d67f91ed2687e5ddb110ee11b80d488e44d9d0ed101bf.css" />
  <script src="/assets/application-86729a2cd807fb8af29949b95c5d1a4fb2ad8ea9dae3870ac52a4f3dae2387f6.js" data-turbolinks-track="reload"></script>



  <script src="/packs-test/application-8006671cb63b3856dd3b.js" defer="defer"></script>
  <script src="https://www.google.com/recaptcha/api.js" async="async" defer="defer"></script>

    <meta name="robots" content="noindex,nofollow">

  <link rel="apple-touch-icon" sizes="180x180" href="/apple-touch-icon.png">
  <link rel="icon" type="image/png" sizes="32x32" href="/favicon-32x32.png">
  <link rel="icon" type="image/png" sizes="16x16" href="/favicon-16x16.png">
  <link rel="manifest" href="/manifest.json">
  <link rel="mask-icon" href="/safari-pinned-tab.svg" color="#5bbad5">
  <meta name="apple-mobile-web-app-title" content="Nexmo Developer">
  <meta name="application-name" content="Nexmo Developer">
  <meta name="msapplication-TileColor" content="#da532c">
  <meta name="msapplication-TileImage" content="/mstile-144x144.png">
  <meta name="theme-color" content="#ffffff">

  <meta property="og:url" content="http://www.example.com/api/redact" />
  <meta property="og:type" content="article" />
  <meta property="og:title" content="Nexmo Developer" />

  <meta property="og:image" content="http://www.example.com/assets/images/nexmo-developer-card.png" />
  <meta property="og:image:width" content="835" />
  <meta property="og:image:height" content="437" />

    <meta property="og:description" content="Everything you need to build connected applications with Nexmo" />

  <meta name="basic_auth_username" content="" />
  <meta name="basic_auth_password" content="" />
  <meta name="search_url" content="https://abc123.execute-api.us-east-1.amazonaws.com/latest/search" />
  <meta name="environment" content="test" />

  <meta name="algolia_application_id" content="" />


  <meta name="copyright" content="2019 Nexmo, The Vonage API Platform" />

  

  
</head>


  <body class="Nxd-template" data-push-state-root="/api/redact">
    


<div class="Nxd-header">
  <header id="header" class="Nxd-header__main">
    <div class="Nxd-logo">
      <a href="/" id="logo" class="Nxd-logo__image Vlt-M-plus">
        <img src="/assets/nexmo-developer-logo-27729a3ab4703a09c7ba309049b7679e795af2d60ce84672ca12bd680f9ef77b.svg" alt="Nexmo developer logo" />
      </a>
      <a href="/" id="logo" class="Nxd-logo__image Vlt-S-only">
        <img src="/assets/nexmo-logo-collapsed-55d46ded8d5a992fbcec4c93b1b6a3ce71dab62e774fa459070345b182a5e814.svg" alt="Nexmo logo collapsed" />
      </a>
      <a href="/team#join" class="Vlt-M-plus">
        <span id="header-hiring" class="Nxd-logo__hiring">We're hiring</span>
      </a>
    </div>

    <nav data-turbolinks="false" class="Nxd-header__nav">
      <a class="Nxd-main-header__link Vlt-M-plus" href="https://nexmo.com">Nexmo.com</a>
      <a class="Nxd-main-header__link Vlt-M-plus" href="https://help.nexmo.com/hc/en-us">Support</a>
      <a class="Nxd-main-header__link Vlt-M-plus" href="https://dashboard.nexmo.com/sign-in">Sign In</a>
      <a href="https://dashboard.nexmo.com/sign-up" class="Vlt-btn Vlt-btn--secondary"><b>Try it free</b></a>
    </nav>
  </header>

  <nav id="subnav" class="Nxd-header__sub" data-turbolinks="false"> 
    <a id="Vlt-sidenav-mobile-trigger"><svg><use xlink:href="/symbol/volta-icons.svg#Vlt-icon-menu"></use></svg></a>

    <div class="Nxd-header__sub__menu">
      <a href="/documentation" class="Vlt-tabs__link ">Documentation</a>
      <a href="/tutorials" class="Vlt-tabs__link ">Tutorials</a>
      <a href="/api" class="Vlt-tabs__link Vlt-tabs__link_active">API Reference</a>
      <a href="/tools" class="Vlt-tabs__link ">SDKs &amp; Tools</a>
      <a href="/community" class="Vlt-tabs__link ">Community</a>
      <a href="/extend" class="Vlt-tabs__link ">Extend</a>
    </div>

  </nav>
</div>
 	
    <div id="Vlt-sidenav" class="Vlt-sidenav Vlt-sidenav--light">
  <div class="Vlt-sidenav__scroll">
    <ul class="Vlt-sidemenu Vlt-sidemenu--rounded navigation">
      <li><h5 class="Vlt-sidemenu__title Vlt-sidemenu__title--border">Redact API</h5></li>
          <li>
            <a class="Vlt-sidemenu__link" href="#overview">Overview</a>
          </li>


                  <li>
                    <a class="Vlt-sidemenu__link" href="#redact-message">
                      <svg class="Vlt-green"><use xlink:href="/symbol/volta-icons.svg#Vlt-icon-code" /></svg>

                      <span class="Vlt-sidemenu__label">Redact a specific message </span><span class="Vlt-badge Vlt-badge--margin-left Nxd-method-badge Nxd-method-badge--post"><code class="Vlt-white">post</code></span>
</a>                  </li>



      </li>
    </ul>
  </div>
</div>


<div class="Vlt-main Vlt-main--light Nxd-main" tabindex="2">
  <div class="Vlt-card Vlt-article Nxd-api">
    <div id="overview" class="Vlt-grid">
      <div class="Vlt-col Vlt-col--2of3 Nxd-api__docs">
        <div>
          <h1>
            Redact API
          </h1>

            <p><p>Nexmo provides <a href="https://developer.nexmo.com/redact/overview">Redact API</a> to help organisations meet their privacy compliance obligations. Redact API allows you to redact private information on demand, allowing you to meet your own compliance needs.</p>
</p>

          <a class="Vlt-btn Vlt-btn--secondary Vlt-btn--app" href="/api/redact.yml">
            <svg><use xlink:href="/symbol/volta-icons.svg#Vlt-icon-download" /></svg>
            Download OpenAPI 3 Definition
</a>
        </div>
      </div>
      <div class="Vlt-col Vlt-col--1of3 Nxd-api__code Nxd-api__code--install">

      </div>
    </div>


        <div class="Vlt-grid">
  <div class="Vlt-col Vlt-col--2of3 Nxd-api__docs">
    <div>
      <h3 id="redact-message">Redact a specific message</h3>
        <p></p>

      <div class="Vlt-badge-combined">
        <code class="Vlt-badge Vlt-badge--large Nxd-method-badge Nxd-method-badge--post">POST</code>
        <code class="Vlt-badge Vlt-badge--large Vlt-badge--grey">
          <span>https://api.nexmo.com</span>/v1/redact/transaction
        </code>
      </div>


      

  <h4>Query Parameter</h4>
  
<div class="Vlt-table Vlt-section Vlt-table--data Vlt-table--bordered">
  <table>
    <thead>
      <tr>
        <th>Key</th>
        <th>Description</th>
          <th>Example</th>
            <th>Default</th>
      </tr>
    </thead>
    <tbody>
      <tr class="">
          <td class="Vlt-table__cell--nowrap">
            <b>api_key</b><br>
            <small>
                <span class="flag flag--strong">Required</span>


              <i>
                | string
              </i>
            </small>
          </td>

          <td>
              <p>Your API key</p>




          </td>

              <td>
                <code>abcd1234</code>
              </td>

            <td>
                <i>None</i>
            </td>
        


    </tr>
      <tr class="">
          <td class="Vlt-table__cell--nowrap">
            <b>api_secret</b><br>
            <small>


              <i>
                 string
              </i>
            </small>
          </td>

          <td>
              <p>Your API secret. Required unless <code>sig</code> is provided</p>




          </td>

              <td>
                <code>abcdef0123456789</code>
              </td>

            <td>
                <i>None</i>
            </td>
        


    </tr>
    </tbody>
  </table>
</div>




      <h4>
        Request body
        <span class="Vlt-badge Vlt-badge--blue">application/json</span>
      </h4>

      
<div class="Vlt-table Vlt-section Vlt-table--data Vlt-table--bordered">
  <table>
    <thead>
      <tr>
        <th>Key</th>
        <th>Description</th>
          <th>Example</th>
            <th>Default</th>
      </tr>
    </thead>
    <tbody>
      <tr class="">
          <td class="Vlt-table__cell--nowrap">
            <b>id</b><br>
            <small>
                <span class="flag flag--strong">Required</span>


              <i>
                | string
              </i>
            </small>
          </td>

          <td>
              <p>The transaction ID to redact</p>




          </td>

              <td>
                <i>None</i>
              </td>

            <td>
                <i>None</i>
            </td>
        


    </tr>
      <tr class="">
          <td class="Vlt-table__cell--nowrap">
            <b>product</b><br>
            <small>
                <span class="flag flag--strong">Required</span>


              <i>
                | string
              </i>
            </small>
          </td>

          <td>
              <p>Product name that the ID provided relates to</p>


              <br>
              <small class="Vlt-grey-dark">
                  Must be one of:
                  <code>sms</code>, <code>voice</code>, <code>number-insight</code>, <code>verify</code>, <code>verify-sdk</code>, <code>message</code> or <code>workflow</code>
              </small>


          </td>

              <td>
                <code>sms</code>
              </td>

            <td>
                <i>None</i>
            </td>
        


    </tr>
      <tr class="">
          <td class="Vlt-table__cell--nowrap">
            <b>type</b><br>
            <small>
                <span class="flag flag--strong">Required</span>


              <i>
                | string
              </i>
            </small>
          </td>

          <td>
              <p>Required if redacting SMS data</p>


              <br>
              <small class="Vlt-grey-dark">
                  Must be one of:
                  <code>inbound</code> or <code>outbound</code>
              </small>


          </td>

              <td>
                <code>outbound</code>
              </td>

            <td>
                <code>outbound</code>
            </td>
        


    </tr>
    </tbody>
  </table>
</div>


      

    </div>
  </div>

  <div class="Vlt-col Vlt-col--1of3 Nxd-api__code">
      


      <div class="Vlt-accordion">
        <button tabindex="0" class="Vlt-accordion__trigger Vlt-accordion__trigger_active">
          <h5 class="Vlt-title--nomargin">HTTP response
            <span class="Vlt-badge Vlt-badge--green">204</span>
          </h5>
        </button>

        <div class="Vlt-accordion__content Vlt-accordion__content_open">
          <div class="tabs-content" data-tabs-content="abc123-this-is-a-hash">
          </div>
        </div>

            <pre class="highlight"><code>No content</code></pre>

        </div>

      <div class="Vlt-accordion">
        <button tabindex="0" class="Vlt-accordion__trigger ">
          <h5 class="Vlt-title--nomargin">HTTP response
            <span class="Vlt-badge Vlt-badge--red">401</span>
          </h5>
        </button>

        <div class="Vlt-accordion__content ">
          <div class="tabs-content" data-tabs-content="abc123-this-is-a-hash">

                <div class="js-format" data-format="application/json">
                    <pre class="highlight json"><code><span class="p">{</span><span class="w">
  </span><span class="s2">"type"</span><span class="p">:</span><span class="w"> </span><span class="s2">"UNAUTHORIZED"</span><span class="p">,</span><span class="w">
  </span><span class="s2">"error_title"</span><span class="p">:</span><span class="w"> </span><span class="s2">"Unauthorized"</span><span class="w">
</span><span class="p">}</span></code></pre>

                </div>


          </div>
        </div>


        </div>

      <div class="Vlt-accordion">
        <button tabindex="0" class="Vlt-accordion__trigger ">
          <h5 class="Vlt-title--nomargin">HTTP response
            <span class="Vlt-badge Vlt-badge--red">403</span>
          </h5>
        </button>

        <div class="Vlt-accordion__content ">
          <div class="tabs-content" data-tabs-content="abc123-this-is-a-hash">

                <div class="js-format" data-format="application/json">

                    <div class="Vlt-tabs">
                      <div class="Vlt-tabs__header">
                          <div tabindex="0" abc123-this-is-a-hash" class="Vlt-tabs__link Vlt-tabs__link_active" aria-selected="true">Premature Redaction</div>
                          <div tabindex="0" abc123-this-is-a-hash" class="Vlt-tabs__link">Unprovisioned</div>
                      </div>
                      <div class="Vlt-tabs__content">
                         <div class="Vlt-tabs__panel Vlt-tabs__panel_active">
                           <pre class="highlight json"><code><span class="p">{</span><span class="w">
  </span><span class="s2">"type"</span><span class="p">:</span><span class="w"> </span><span class="s2">"https://developer.nexmo.com/api-errors/redact#premature-redaction"</span><span class="p">,</span><span class="w">
  </span><span class="s2">"title"</span><span class="p">:</span><span class="w"> </span><span class="s2">"Premature Redaction"</span><span class="p">,</span><span class="w">
  </span><span class="s2">"detail"</span><span class="p">:</span><span class="w"> </span><span class="s2">"You must wait 60 minutes before redacting ID '0A000000B0C9A1234'"</span><span class="p">,</span><span class="w">
  </span><span class="s2">"instance"</span><span class="p">:</span><span class="w"> </span><span class="s2">"bf0ca0bf927b3b52e3cb03217e1a1ddf"</span><span class="w">
</span><span class="p">}</span></code></pre>

                        </div>
                         <div class="Vlt-tabs__panel ">
                           <pre class="highlight json"><code><span class="p">{</span><span class="w">
  </span><span class="s2">"type"</span><span class="p">:</span><span class="w"> </span><span class="s2">"https://developer.nexmo.com/api-errors#unprovisioned"</span><span class="p">,</span><span class="w">
  </span><span class="s2">"title"</span><span class="p">:</span><span class="w"> </span><span class="s2">"Authorisation error"</span><span class="p">,</span><span class="w">
  </span><span class="s2">"detail"</span><span class="p">:</span><span class="w"> </span><span class="s2">"User=ABC123 is not provisioned to redact product=SMS"</span><span class="p">,</span><span class="w">
  </span><span class="s2">"instance"</span><span class="p">:</span><span class="w"> </span><span class="s2">"bf0ca0bf927b3b52e3cb03217e1a1ddf"</span><span class="w">
</span><span class="p">}</span></code></pre>

                        </div>
                      </div>
                    </div>
                </div>


          </div>
        </div>


        </div>

      <div class="Vlt-accordion">
        <button tabindex="0" class="Vlt-accordion__trigger ">
          <h5 class="Vlt-title--nomargin">HTTP response
            <span class="Vlt-badge Vlt-badge--red">404</span>
          </h5>
        </button>

        <div class="Vlt-accordion__content ">
          <div class="tabs-content" data-tabs-content="abc123-this-is-a-hash">

                <div class="js-format" data-format="application/json">
                    <pre class="highlight json"><code><span class="p">{</span><span class="w">
  </span><span class="s2">"type"</span><span class="p">:</span><span class="w"> </span><span class="s2">"https://developer.nexmo.com/api-errors#invalid-id"</span><span class="p">,</span><span class="w">
  </span><span class="s2">"title"</span><span class="p">:</span><span class="w"> </span><span class="s2">"Invalid ID"</span><span class="p">,</span><span class="w">
  </span><span class="s2">"detail"</span><span class="p">:</span><span class="w"> </span><span class="s2">"ID '0A000000B0C9A1234' could not be found (type=MT)"</span><span class="p">,</span><span class="w">
  </span><span class="s2">"instance"</span><span class="p">:</span><span class="w"> </span><span class="s2">"bf0ca0bf927b3b52e3cb03217e1a1ddf"</span><span class="w">
</span><span class="p">}</span></code></pre>

                </div>


          </div>
        </div>


        </div>

      <div class="Vlt-accordion">
        <button tabindex="0" class="Vlt-accordion__trigger ">
          <h5 class="Vlt-title--nomargin">HTTP response
            <span class="Vlt-badge Vlt-badge--red">422</span>
          </h5>
        </button>

        <div class="Vlt-accordion__content ">
          <div class="tabs-content" data-tabs-content="abc123-this-is-a-hash">

                <div class="js-format" data-format="application/json">

                    <div class="Vlt-tabs">
                      <div class="Vlt-tabs__header">
                          <div tabindex="0" abc123-this-is-a-hash" class="Vlt-tabs__link Vlt-tabs__link_active" aria-selected="true">Invalid JSON</div>
                          <div tabindex="0" abc123-this-is-a-hash" class="Vlt-tabs__link">Unsupported Product</div>
                      </div>
                      <div class="Vlt-tabs__content">
                         <div class="Vlt-tabs__panel Vlt-tabs__panel_active">
                           <pre class="highlight json"><code><span class="p">{</span><span class="w">
  </span><span class="s2">"type"</span><span class="p">:</span><span class="w"> </span><span class="s2">"https://developer.nexmo.com/api-errors#invalid-json"</span><span class="p">,</span><span class="w">
  </span><span class="s2">"title"</span><span class="p">:</span><span class="w"> </span><span class="s2">"Invalid JSON"</span><span class="p">,</span><span class="w">
  </span><span class="s2">"detail"</span><span class="p">:</span><span class="w"> </span><span class="s2">"Unexpected character ('</span><span class="se">\"</span><span class="s2">' (code 34)): was expecting comma to separate Object entries"</span><span class="p">,</span><span class="w">
  </span><span class="s2">"instance"</span><span class="p">:</span><span class="w"> </span><span class="s2">"bf0ca0bf927b3b52e3cb03217e1a1ddf"</span><span class="w">
</span><span class="p">}</span></code></pre>

                        </div>
                         <div class="Vlt-tabs__panel ">
                           <pre class="highlight json"><code><span class="p">{</span><span class="w">
  </span><span class="s2">"type"</span><span class="p">:</span><span class="w"> </span><span class="s2">"https://developer.nexmo.com/api-errors/redact#invalid-product"</span><span class="p">,</span><span class="w">
  </span><span class="s2">"title"</span><span class="p">:</span><span class="w"> </span><span class="s2">"Invalid Product"</span><span class="p">,</span><span class="w">
  </span><span class="s2">"detail"</span><span class="p">:</span><span class="w"> </span><span class="s2">"No product corresponding to supplied string sms2!"</span><span class="p">,</span><span class="w">
  </span><span class="s2">"instance"</span><span class="p">:</span><span class="w"> </span><span class="s2">"bf0ca0bf927b3b52e3cb03217e1a1ddf"</span><span class="w">
</span><span class="p">}</span></code></pre>

                        </div>
                      </div>
                    </div>
                </div>


          </div>
        </div>


        </div>

      <div class="Vlt-accordion">
        <button tabindex="0" class="Vlt-accordion__trigger ">
          <h5 class="Vlt-title--nomargin">HTTP response
            <span class="Vlt-badge Vlt-badge--red">429</span>
          </h5>
        </button>

        <div class="Vlt-accordion__content ">
          <div class="tabs-content" data-tabs-content="abc123-this-is-a-hash">

                <div class="js-format" data-format="application/json">
                    <pre class="highlight json"><code><span class="p">{</span><span class="w">
  </span><span class="s2">"type"</span><span class="p">:</span><span class="w"> </span><span class="s2">"https://developer.nexmo.com/api-errors/redact#rate-limit"</span><span class="p">,</span><span class="w">
  </span><span class="s2">"title"</span><span class="p">:</span><span class="w"> </span><span class="s2">"Rate Limit Hit"</span><span class="p">,</span><span class="w">
  </span><span class="s2">"detail"</span><span class="p">:</span><span class="w"> </span><span class="s2">"Please wait, then retry your request"</span><span class="p">,</span><span class="w">
  </span><span class="s2">"instance"</span><span class="p">:</span><span class="w"> </span><span class="s2">"bf0ca0bf927b3b52e3cb03217e1a1ddf"</span><span class="w">
</span><span class="p">}</span></code></pre>

                </div>


          </div>
        </div>


        </div>
    </div>
</div>




    <!--<footer id="footer">
  <div class="container">
    <div>
      <h5>Documentation</h5>
      <a href="/messaging/sms/overview">SMS</a>
      <a href="/voice/voice-api/overview">Voice</a>
      <a href="/verify/overview">Verify</a>
      <a href="/number-insight/overview">Number Insight</a>
      <a href="/account/overview">Account</a>
    </div>

    <div>
      <h5>API Reference</h5>
      <a href="/api/sms">SMS</a>
      <a href="/api/voice">Voice</a>
      <a href="/api/verify">Verify</a>
      <a href="/api/number-insight">Number Insight</a>
      <a href="/api#developer-api">Developer API</a>
      <a href="/api#global-apis">Global APIs</a>
    </div>

    <div>
      <h5>Nexmo Developer</h5>
      <a href="/community">Community</a>
      <a href="/contribute">Contribute</a>
      <a href="/legacy">Legacy Documentation</a>
      <a href="/team">Team</a>
    </div>

    <div>
      <h5>Get to know us</h5>
      <a href="https://www.nexmo.com/platform" target="_blank">Nexmo Platform</a>
      <a href="https://www.nexmo.com/about-nexmo" target="_blank">About Nexmo</a>
      <a href="https://www.nexmo.com/careers" target="_blank">Careers</a>
      <a href="https://www.nexmo.com/leadership" target="_blank">Leadership</a>
      <a href="https://www.vonage.com/corporate" target="_blank">Press</a>
    </div>

    <div id="footer-support">
      <h5>Support</h5>
      <a href="https://help.nexmo.com" target="_blank">Knowledgebase</a>
      <a href="https://help.nexmo.com/hc/en-us/sections/115004147507" target="_blank">Known Issues</a>
    </div>

    <div id="footer-outbound-links">
      <a href="https://nexmo.com/" id="footer-logo">
        <img src="/assets/nexmo-vonage-white-04f5e57888fe21adf637c8227d1a03fb8c1d0240b9d136f4b8e8d881db375833.svg" alt="Nexmo vonage white" />
      </a>

      <a href="https://www.nexmostatus.com/" target="_blank" class="Vlt-badge-combined">
        <span class="Vlt-badge Vlt-badge--blue">API Status</span><span class="Vlt-badge Vlt-badge--green Nxd-api-status">Loading</span>
      </a>

      <div id="footer-social-links">
        <a href="https://www.linkedin.com/company/1345545/" class="footer-link" target="_blank"><i class="icon icon-linkedin"></i></a>
        <a href="/slack" class="footer-link" target="_blank"><i class="icon icon-slack"></i></a>
        <a href="https://twitter.com/nexmo" class="footer-link" target="_blank"><i class="icon icon-twitter"></i></a>
        <a href="https://github.com/nexmo" class="footer-link" target="_blank"><i class="icon icon-github"></i></a>
        <a href="http://stackoverflow.com/questions/tagged/nexmo" class="footer-link" target="_blank"><i class="icon icon-stack-overflow"></i></a>
      </div>
    </div>
  </div>
</footer>
-->
  </div>
</div>

  </body>
</html>
	